// Jest Snapshot v1, https://goo.gl/fbAQLP

exports[`renders correctly 1`] = `
<View
  accessibilityComponentType={undefined}
  accessibilityLabel={undefined}
  accessibilityTraits={undefined}
  accessible={true}
  hasTVPreferredFocus={undefined}
  hitSlop={undefined}
  isTVSelectable={true}
  nativeID={undefined}
  onLayout={undefined}
  onResponderGrant={[Function]}
  onResponderMove={[Function]}
  onResponderRelease={[Function]}
  onResponderTerminate={[Function]}
  onResponderTerminationRequest={[Function]}
  onStartShouldSetResponder={[Function]}
  style={
    Array [
      Object {
        "backgroundColor": "transparent",
      },
      undefined,
    ]
  }
  testID={undefined}
  tvParallaxProperties={undefined}
>
  <View
    style={
      Object {
        "borderBottomWidth": 1,
        "borderColor": "#ddd",
        "flexDirection": "row",
        "padding": 10,
      }
    }
  >
    <Image
      source={
        Object {
          "uri": "https://image.tmdb.org/t/p/w500undefined",
        }
      }
      style={
        Object {
          "height": 50,
          "resizeMode": "contain",
          "width": 50,
        }
      }
    />
    <View
      style={
        Object {
          "flexDirection": "column",
          "justifyContent": "space-around",
        }
      }
    >
      <Text
        accessible={true}
        allowFontScaling={true}
        disabled={false}
        ellipsizeMode="tail"
        style={
          Object {
            "fontSize": 16,
            "fontWeight": "bold",
          }
        }
      />
      <Text
        accessible={true}
        allowFontScaling={true}
        disabled={false}
        ellipsizeMode="tail"
        style={
          Object {
            "fontSize": 16,
          }
        }
      >
        /10
      </Text>
    </View>
  </View>
</View>
`;
